HI-TECH Software C Compiler 

Linker command line:

--edf=C:\Program Files (x86)\HI-TECH Software\PICC\9.81\dat\en_msgs.txt -cs \
  -h+Proyecto2.sym -z -Q16F877A -ol.obj -MProyecto2.map -E1 \
  -ACONST=00h-0FFhx32 -ACODE=00h-07FFhx4 -ASTRCODE=00h-01FFFh \
  -AENTRY=00h-0FFhx32 -ASTRING=00h-0FFhx32 -ABANK0=020h-06Fh \
  -ABANK1=0A0h-0EFh -ABANK2=0110h-016Fh -ABANK3=0190h-01EFh \
  -ARAM=020h-06Fh,0A0h-0EFh,0110h-016Fh,0190h-01EFh \
  -AABS1=020h-07Fh,0A0h-0EFh,0110h-016Fh,0190h-01EFh -ACOMMON=070h-07Fh \
  -ASFR0=00h-01Fh -ASFR1=080h-09Fh -ASFR2=0100h-010Fh -ASFR3=0180h-018Fh \
  -preset_vec=00h,intentry=04h,init,end_init -ppowerup=CODE -pfunctab=CODE \
  -ACONFIG=02007h-02007h -pconfig=CONFIG -DCONFIG=2 -AIDLOC=02000h-02003h \
  -pidloc=IDLOC -DIDLOC=2 -AEEDATA=00h-0FFh/02100h -peeprom_data=EEDATA \
  -DEEDATA=2 -DCODE=2 -DSTRCODE=2 -DSTRING=2 -DCONST=2 -DENTRY=2 -k \
  startup.obj Proyecto2.obj 

Object code version is 3.10

Machine type is 16F877A



                Name                               Link     Load   Length Selector   Space Scale
startup.obj     end_init                             12       12        3        8       0
                reset_vec                             0        0        3        0       0
Proyecto2.obj   intentry                              4        4        E        8       0
                config                             2007     2007        1     400E       0
                text164                              D9       D9       59        8       0
                text163                             179      179        9        8       0
                text162                             16D      16D        C        8       0
                maintext                             15       15       C4        8       0
                cstackBANK0                          37       37        3       20       1
                cstackCOMMON                         70       70        7       70       1
                inittext                            14F      14F       11        8       0
                dataBANK0                            20       20        D       20       1
                bssBANK0                             2D       2D        A       20       1
                bssCOMMON                            77       77        1       70       1
                cinit                               132      132       1D        8       0
                idataBANK0                          160      160        D        8       0

TOTAL           Name                               Link     Load   Length     Space
        CLASS   CONST          

        CLASS   CODE           
                end_init                             12       12        3         0
                intentry                              4        4        E         0
                reset_vec                             0        0        3         0
                text164                              D9       D9       59         0
                text163                             179      179        9         0
                text162                             16D      16D        C         0
                maintext                             15       15       C4         0
                inittext                            14F      14F       11         0
                cinit                               132      132       1D         0
                idataBANK0                          160      160        D         0

        CLASS   STRCODE        

        CLASS   ENTRY          

        CLASS   STRING         

        CLASS   BANK0          
                cstackBANK0                          37       37        3         1
                dataBANK0                            20       20        D         1
                bssBANK0                             2D       2D        A         1

        CLASS   BANK1          

        CLASS   BANK2          

        CLASS   BANK3          

        CLASS   RAM            

        CLASS   ABS1           
                abs_s1                               7E       7E        2         1

        CLASS   COMMON         
                cstackCOMMON                         70       70        7         1
                bssCOMMON                            77       77        1         1

        CLASS   SFR0           

        CLASS   SFR1           

        CLASS   SFR2           

        CLASS   SFR3           

        CLASS   CONFIG         
                config                             2007     2007        1         0

        CLASS   IDLOC          

        CLASS   EEDATA         



SEGMENTS        Name                           Load    Length   Top    Selector   Space  Class     Delta

                reset_vec                      000000  000003  000003         0       0  CODE        2
                intentry                       000004  00017E  000182         8       0  CODE        2
                dataBANK0                      000020  00001A  00003A        20       1  BANK0       1
                cstackCOMMON                   000070  000008  000078        70       1  COMMON      1
                config                         002007  000001  002008      400E       0  CONFIG      2


UNUSED ADDRESS RANGES

        Name                Unused          Largest block    Delta
        BANK0            003A-006F             36           1
        BANK1            00A0-00EF             50           1
        BANK2            0110-016F             60           1
        BANK3            0190-01EF             60           1
        CODE             0003-0003              1           2
                         0182-1FFF            800
        COMMON           0078-007D              6           1
        CONST            0003-0003              1           2
                         0182-1FFF            100
        EEDATA           2100-21FF            100           2
        ENTRY            0003-0003              1           2
                         0182-1FFF            100
        IDLOC            2000-2003              4           2
        RAM              003A-006F             36           1
                         00A0-00EF             50
                         0110-016F             60
                         0190-01EF             60
        SFR0             0000-001F             20           1
        SFR1             0080-009F             20           1
        SFR2             0100-010F             10           1
        SFR3             0180-018F             10           1
        STRCODE          0003-0003              1           2
                         0182-1FFF           1E7E
        STRING           0003-0003              1           2
                         0182-1FFF            100

                                  Symbol Table

??_ConfigIntRB        cstackCOMMON 0075
??_ConfigTMR1         cstackCOMMON 0075
??_FunInt             cstackCOMMON 0070
??_main               cstackBANK0  0037
?_ConfigIntRB         cstackCOMMON 0070
?_ConfigTMR1          cstackCOMMON 0070
?_FunInt              cstackCOMMON 0070
?_main                cstackCOMMON 0070
_ConfigIntRB          text163      0179
_ConfigTMR1           text162      016D
_ContTimer            bssCOMMON    0077
_FunInt               text164      00D9
_GIE                  (abs)        005F
_PEIE                 (abs)        005E
_PORTA                (abs)        0005
_PORTC                (abs)        0007
_RB4                  (abs)        0034
_RB5                  (abs)        0035
_RB6                  (abs)        0036
_RBIE                 (abs)        005B
_RBIF                 (abs)        0058
_TMR1                 (abs)        000E
_TMR1IE               (abs)        0460
_TMR1IF               (abs)        0060
_TMR1ON               (abs)        0080
_TRISB                (abs)        0086
__Habs1               abs1         0000
__Hbank0              bank0        0000
__Hbank1              bank1        0000
__Hbank2              bank2        0000
__Hbank3              bank3        0000
__HbssBANK0           bssBANK0     0000
__HbssCOMMON          bssCOMMON    0000
__Hcinit              cinit        0000
__Hclrtext            clrtext      0000
__Hcode               code         0000
__Hcommon             common       0000
__Hconfig             config       2008
__HcstackBANK0        cstackBANK0  0000
__HcstackCOMMON       cstackCOMMON 0000
__HdataBANK0          dataBANK0    0000
__Heeprom_data        eeprom_data  0000
__Hend_init           end_init     0015
__Hfunctab            functab      0000
__HidataBANK0         idataBANK0   0000
__Hidloc              idloc        0000
__Hinit               init         0012
__Hinittext           inittext     0000
__Hintentry           intentry     0012
__Hmaintext           maintext     0000
__Hpowerup            powerup      0000
__Hram                ram          0000
__Hreset_vec          reset_vec    0003
__Hsfr0               sfr0         0000
__Hsfr1               sfr1         0000
__Hsfr2               sfr2         0000
__Hsfr3               sfr3         0000
__Hstrings            strings      0000
__Htext               text         0000
__Labs1               abs1         0000
__Lbank0              bank0        0000
__Lbank1              bank1        0000
__Lbank2              bank2        0000
__Lbank3              bank3        0000
__LbssBANK0           bssBANK0     0000
__LbssCOMMON          bssCOMMON    0000
__Lcinit              cinit        0000
__Lclrtext            clrtext      0000
__Lcode               code         0000
__Lcommon             common       0000
__Lconfig             config       2007
__LcstackBANK0        cstackBANK0  0000
__LcstackCOMMON       cstackCOMMON 0000
__LdataBANK0          dataBANK0    0000
__Leeprom_data        eeprom_data  0000
__Lend_init           end_init     0012
__Lfunctab            functab      0000
__LidataBANK0         idataBANK0   0000
__Lidloc              idloc        0000
__Linit               init         0012
__Linittext           inittext     0000
__Lintentry           intentry     0004
__Lmaintext           maintext     0000
__Lpowerup            powerup      0000
__Lram                ram          0000
__Lreset_vec          reset_vec    0000
__Lsfr0               sfr0         0000
__Lsfr1               sfr1         0000
__Lsfr2               sfr2         0000
__Lsfr3               sfr3         0000
__Lstrings            strings      0000
__Ltext               text         0000
__S0                  (abs)        2008
__S1                  (abs)        0078
__S2                  (abs)        0000
__end_of_ConfigIntRB  text163      0182
__end_of_ConfigTMR1   text162      0179
__end_of_FunInt       text164      0132
__end_of_main         maintext     00D9
__pbssBANK0           bssBANK0     002D
__pbssCOMMON          bssCOMMON    0077
__pcstackBANK0        cstackBANK0  0037
__pcstackCOMMON       cstackCOMMON 0070
__pdataBANK0          dataBANK0    0020
__pidataBANK0         idataBANK0   0160
__pintentry           intentry     0004
__pmaintext           maintext     0015
__ptext162            text162      016D
__ptext163            text163      0179
__ptext164            text164      00D9
__ptext165            text165      0000
__size_of_ConfigIntRB (abs)        0000
__size_of_ConfigTMR1  (abs)        0000
__size_of_FunInt      (abs)        0000
__size_of_main        (abs)        0000
_bandResortico        dataBANK0    002A
_contador             bssBANK0     002D
_decenasMinutos       bssBANK0     002E
_decenasSegundos      bssBANK0     002F
_display1             bssBANK0     0030
_display2             bssBANK0     0031
_display3             bssBANK0     0032
_display4             bssBANK0     0033
_exit                 init         0012
_left                 dataBANK0    002B
_main                 maintext     0015
_numeros              dataBANK0    0020
_op                   dataBANK0    002C
_right                bssBANK0     0034
_unidadesMinutos      bssBANK0     0035
_unidadesSegundos     bssBANK0     0036
btemp                 (abs)        007E
end_of_initialization cinit        014B
init_fetch            inittext     014F
init_ram              inittext     0153
interrupt_function    intentry     0004
intlevel0             functab      0000
intlevel1             functab      0000
intlevel2             functab      0000
intlevel3             functab      0000
intlevel4             functab      0000
intlevel5             functab      0000
main@sentido          cstackCOMMON 0076
reset_vec             reset_vec    0000
saved_w               (abs)        007E
start                 init         0012
start_initialization  cinit        0132
wtemp0                (abs)        007E
